Analysis & Synthesis report for CPU_TEST_Sim
Mon Apr  6 18:38:09 2026
Quartus Prime Version 16.1.0 Build 196 10/24/2016 SJ Lite Edition


---------------------
; Table of Contents ;
---------------------
  1. Legal Notice
  2. Analysis & Synthesis Summary
  3. Analysis & Synthesis Settings
  4. Parallel Compilation
  5. Analysis & Synthesis Source Files Read
  6. Analysis & Synthesis Resource Usage Summary
  7. Analysis & Synthesis Resource Utilization by Entity
  8. Analysis & Synthesis RAM Summary
  9. State Machine - |CPU_TEST_Sim|cpu1:main_processor|control:C1|present_state
 10. User-Specified and Inferred Latches
 11. General Register Statistics
 12. Inverted Register Statistics
 13. Multiplexer Restructuring Statistics (Restructuring Performed)
 14. Source assignments for system_memory:main_memory|altsyncram:altsyncram_component|altsyncram_jps3:auto_generated
 15. Source assignments for cpu1:main_processor|datapath:Dpth|data_mem:D1|altsyncram:mem_rtl_0|altsyncram_hie1:auto_generated
 16. Parameter Settings for User Entity Instance: system_memory:main_memory|altsyncram:altsyncram_component
 17. Parameter Settings for User Entity Instance: cpu1:main_processor|datapath:Dpth
 18. Parameter Settings for User Entity Instance: cpu1:main_processor|datapath:Dpth|alu32:ALU
 19. Parameter Settings for User Entity Instance: cpu1:main_processor|datapath:Dpth|pc:ProgCount
 20. Parameter Settings for Inferred Entity Instance: cpu1:main_processor|datapath:Dpth|data_mem:D1|altsyncram:mem_rtl_0
 21. altsyncram Parameter Settings by Entity Instance
 22. Port Connectivity Checks: "cpu1:main_processor|datapath:Dpth|alu32:ALU"
 23. Port Connectivity Checks: "cpu1:main_processor|datapath:Dpth|MUX_3:M5"
 24. Port Connectivity Checks: "cpu1:main_processor|datapath:Dpth"
 25. Port Connectivity Checks: "cpu1:main_processor"
 26. Post-Synthesis Netlist Statistics for Top Partition
 27. Elapsed Time Per Partition
 28. Analysis & Synthesis Messages



----------------
; Legal Notice ;
----------------
Copyright (C) 2016  Intel Corporation. All rights reserved.
Your use of Intel Corporation's design tools, logic functions 
and other software and tools, and its AMPP partner logic 
functions, and any output files from any of the foregoing 
(including device programming or simulation files), and any 
associated documentation or information are expressly subject 
to the terms and conditions of the Intel Program License 
Subscription Agreement, the Intel Quartus Prime License Agreement,
the Intel MegaCore Function License Agreement, or other 
applicable license agreement, including, without limitation, 
that your use is for the sole purpose of programming logic 
devices manufactured by Intel and sold by Intel or its 
authorized distributors.  Please refer to the applicable 
agreement for further details.



+----------------------------------------------------------------------------------+
; Analysis & Synthesis Summary                                                     ;
+------------------------------------+---------------------------------------------+
; Analysis & Synthesis Status        ; Successful - Mon Apr  6 18:38:09 2026       ;
; Quartus Prime Version              ; 16.1.0 Build 196 10/24/2016 SJ Lite Edition ;
; Revision Name                      ; CPU_TEST_Sim                                ;
; Top-level Entity Name              ; CPU_TEST_Sim                                ;
; Family                             ; Cyclone IV E                                ;
; Total logic elements               ; 689                                         ;
;     Total combinational functions  ; 655                                         ;
;     Dedicated logic registers      ; 202                                         ;
; Total registers                    ; 202                                         ;
; Total pins                         ; 209                                         ;
; Total virtual pins                 ; 0                                           ;
; Total memory bits                  ; 10,240                                      ;
; Embedded Multiplier 9-bit elements ; 0                                           ;
; Total PLLs                         ; 0                                           ;
+------------------------------------+---------------------------------------------+


+----------------------------------------------------------------------------------------------------------------------+
; Analysis & Synthesis Settings                                                                                        ;
+----------------------------------------------------------------------------+--------------------+--------------------+
; Option                                                                     ; Setting            ; Default Value      ;
+----------------------------------------------------------------------------+--------------------+--------------------+
; Device                                                                     ; EP4CE115F29C7      ;                    ;
; Top-level entity name                                                      ; CPU_TEST_Sim       ; CPU_TEST_Sim       ;
; Family name                                                                ; Cyclone IV E       ; Cyclone IV GX      ;
; Use smart compilation                                                      ; Off                ; Off                ;
; Enable parallel Assembler and TimeQuest Timing Analyzer during compilation ; On                 ; On                 ;
; Enable compact report table                                                ; Off                ; Off                ;
; Restructure Multiplexers                                                   ; Auto               ; Auto               ;
; Create Debugging Nodes for IP Cores                                        ; Off                ; Off                ;
; Preserve fewer node names                                                  ; On                 ; On                 ;
; OpenCore Plus hardware evaluation                                          ; Enable             ; Enable             ;
; Verilog Version                                                            ; Verilog_2001       ; Verilog_2001       ;
; VHDL Version                                                               ; VHDL_1993          ; VHDL_1993          ;
; State Machine Processing                                                   ; Auto               ; Auto               ;
; Safe State Machine                                                         ; Off                ; Off                ;
; Extract Verilog State Machines                                             ; On                 ; On                 ;
; Extract VHDL State Machines                                                ; On                 ; On                 ;
; Ignore Verilog initial constructs                                          ; Off                ; Off                ;
; Iteration limit for constant Verilog loops                                 ; 5000               ; 5000               ;
; Iteration limit for non-constant Verilog loops                             ; 250                ; 250                ;
; Add Pass-Through Logic to Inferred RAMs                                    ; On                 ; On                 ;
; Infer RAMs from Raw Logic                                                  ; On                 ; On                 ;
; Parallel Synthesis                                                         ; Off                ; Off                ;
; DSP Block Balancing                                                        ; Auto               ; Auto               ;
; NOT Gate Push-Back                                                         ; On                 ; On                 ;
; Power-Up Don't Care                                                        ; On                 ; On                 ;
; Remove Redundant Logic Cells                                               ; Off                ; Off                ;
; Remove Duplicate Registers                                                 ; On                 ; On                 ;
; Ignore CARRY Buffers                                                       ; Off                ; Off                ;
; Ignore CASCADE Buffers                                                     ; Off                ; Off                ;
; Ignore GLOBAL Buffers                                                      ; Off                ; Off                ;
; Ignore ROW GLOBAL Buffers                                                  ; Off                ; Off                ;
; Ignore LCELL Buffers                                                       ; Off                ; Off                ;
; Ignore SOFT Buffers                                                        ; On                 ; On                 ;
; Limit AHDL Integers to 32 Bits                                             ; Off                ; Off                ;
; Optimization Technique                                                     ; Balanced           ; Balanced           ;
; Carry Chain Length                                                         ; 70                 ; 70                 ;
; Auto Carry Chains                                                          ; On                 ; On                 ;
; Auto Open-Drain Pins                                                       ; On                 ; On                 ;
; Perform WYSIWYG Primitive Resynthesis                                      ; Off                ; Off                ;
; Auto ROM Replacement                                                       ; On                 ; On                 ;
; Auto RAM Replacement                                                       ; On                 ; On                 ;
; Auto DSP Block Replacement                                                 ; On                 ; On                 ;
; Auto Shift Register Replacement                                            ; Auto               ; Auto               ;
; Allow Shift Register Merging across Hierarchies                            ; Auto               ; Auto               ;
; Auto Clock Enable Replacement                                              ; On                 ; On                 ;
; Strict RAM Replacement                                                     ; Off                ; Off                ;
; Allow Synchronous Control Signals                                          ; On                 ; On                 ;
; Force Use of Synchronous Clear Signals                                     ; Off                ; Off                ;
; Auto RAM Block Balancing                                                   ; On                 ; On                 ;
; Auto RAM to Logic Cell Conversion                                          ; Off                ; Off                ;
; Auto Resource Sharing                                                      ; Off                ; Off                ;
; Allow Any RAM Size For Recognition                                         ; Off                ; Off                ;
; Allow Any ROM Size For Recognition                                         ; Off                ; Off                ;
; Allow Any Shift Register Size For Recognition                              ; Off                ; Off                ;
; Use LogicLock Constraints during Resource Balancing                        ; On                 ; On                 ;
; Ignore translate_off and synthesis_off directives                          ; Off                ; Off                ;
; Timing-Driven Synthesis                                                    ; Off                ; Off                ;
; Report Parameter Settings                                                  ; On                 ; On                 ;
; Report Source Assignments                                                  ; On                 ; On                 ;
; Report Connectivity Checks                                                 ; On                 ; On                 ;
; Ignore Maximum Fan-Out Assignments                                         ; Off                ; Off                ;
; Synchronization Register Chain Length                                      ; 2                  ; 2                  ;
; PowerPlay Power Optimization During Synthesis                              ; Normal compilation ; Normal compilation ;
; HDL message level                                                          ; Level2             ; Level2             ;
; Suppress Register Optimization Related Messages                            ; Off                ; Off                ;
; Number of Removed Registers Reported in Synthesis Report                   ; 5000               ; 5000               ;
; Number of Swept Nodes Reported in Synthesis Report                         ; 5000               ; 5000               ;
; Number of Inverted Registers Reported in Synthesis Report                  ; 100                ; 100                ;
; Clock MUX Protection                                                       ; On                 ; On                 ;
; Auto Gated Clock Conversion                                                ; Off                ; Off                ;
; Block Design Naming                                                        ; Auto               ; Auto               ;
; SDC constraint protection                                                  ; Off                ; Off                ;
; Synthesis Effort                                                           ; Auto               ; Auto               ;
; Shift Register Replacement - Allow Asynchronous Clear Signal               ; On                 ; On                 ;
; Pre-Mapping Resynthesis Optimization                                       ; Off                ; Off                ;
; Analysis & Synthesis Message Level                                         ; Medium             ; Medium             ;
; Disable Register Merging Across Hierarchies                                ; Auto               ; Auto               ;
; Resource Aware Inference For Block RAM                                     ; On                 ; On                 ;
+----------------------------------------------------------------------------+--------------------+--------------------+


+------------------------------------------+
; Parallel Compilation                     ;
+----------------------------+-------------+
; Processors                 ; Number      ;
+----------------------------+-------------+
; Number detected on machine ; 8           ;
; Maximum allowed            ; 4           ;
;                            ;             ;
; Average used               ; 1.00        ;
; Maximum used               ; 1           ;
;                            ;             ;
; Usage by Processor         ; % Time Used ;
;     Processor 1            ; 100.0%      ;
+----------------------------+-------------+


+-----------------------------------------------------------------------------------------------------------------------------------------------------------------------------------+
; Analysis & Synthesis Source Files Read                                                                                                                                            ;
+----------------------------------+-----------------+-----------------------------------+--------------------------------------------------------------------------------+---------+
; File Name with User-Entered Path ; Used in Netlist ; File Type                         ; File Name with Absolute Path                                                   ; Library ;
+----------------------------------+-----------------+-----------------------------------+--------------------------------------------------------------------------------+---------+
; system_memory.mif                ; yes             ; User Memory Initialization File   ; /home/jashanpratap/Projects/Coe_608/Lab 6/part2/system_memory.mif              ;         ;
; cpu1.vhd                         ; yes             ; User VHDL File                    ; /home/jashanpratap/Projects/Coe_608/Lab 6/part2/cpu1.vhd                       ;         ;
; LZE.vhd                          ; yes             ; User VHDL File                    ; /home/jashanpratap/Projects/Coe_608/Lab 6/part2/LZE.vhd                        ;         ;
; reset_circuit.vhd                ; yes             ; User VHDL File                    ; /home/jashanpratap/Projects/Coe_608/Lab 6/part2/reset_circuit.vhd              ;         ;
; pc.vhd                           ; yes             ; User VHDL File                    ; /home/jashanpratap/Projects/Coe_608/Lab 6/part2/pc.vhd                         ;         ;
; datapath.vhd                     ; yes             ; User VHDL File                    ; /home/jashanpratap/Projects/Coe_608/Lab 6/part2/datapath.vhd                   ;         ;
; control.vhd                      ; yes             ; User VHDL File                    ; /home/jashanpratap/Projects/Coe_608/Lab 6/part2/control.vhd                    ;         ;
; MUX_3.vhd                        ; yes             ; User VHDL File                    ; /home/jashanpratap/Projects/Coe_608/Lab 6/part2/MUX_3.vhd                      ;         ;
; MUX_2.vhd                        ; yes             ; User VHDL File                    ; /home/jashanpratap/Projects/Coe_608/Lab 6/part2/MUX_2.vhd                      ;         ;
; reg32.vhd                        ; yes             ; User VHDL File                    ; /home/jashanpratap/Projects/Coe_608/Lab 6/part2/reg32.vhd                      ;         ;
; reg1.vhd                         ; yes             ; User VHDL File                    ; /home/jashanpratap/Projects/Coe_608/Lab 6/part2/reg1.vhd                       ;         ;
; data_mem.vhd                     ; yes             ; User VHDL File                    ; /home/jashanpratap/Projects/Coe_608/Lab 6/part2/data_mem.vhd                   ;         ;
; alu32.vhd                        ; yes             ; User VHDL File                    ; /home/jashanpratap/Projects/Coe_608/Lab 6/part2/alu32.vhd                      ;         ;
; RED.vhd                          ; yes             ; User VHDL File                    ; /home/jashanpratap/Projects/Coe_608/Lab 6/part2/RED.vhd                        ;         ;
; UZE.vhd                          ; yes             ; User VHDL File                    ; /home/jashanpratap/Projects/Coe_608/Lab 6/part2/UZE.vhd                        ;         ;
; CPU_TEST_Sim.vhd                 ; yes             ; User VHDL File                    ; /home/jashanpratap/Projects/Coe_608/Lab 6/part2/CPU_TEST_Sim.vhd               ;         ;
; system_memory.vhd                ; yes             ; Auto-Found Wizard-Generated File  ; /home/jashanpratap/Projects/Coe_608/Lab 6/part2/system_memory.vhd              ;         ;
; altsyncram.tdf                   ; yes             ; Megafunction                      ; /opt/intelFPGA_lite/16.1/quartus/libraries/megafunctions/altsyncram.tdf        ;         ;
; stratix_ram_block.inc            ; yes             ; Megafunction                      ; /opt/intelFPGA_lite/16.1/quartus/libraries/megafunctions/stratix_ram_block.inc ;         ;
; lpm_mux.inc                      ; yes             ; Megafunction                      ; /opt/intelFPGA_lite/16.1/quartus/libraries/megafunctions/lpm_mux.inc           ;         ;
; lpm_decode.inc                   ; yes             ; Megafunction                      ; /opt/intelFPGA_lite/16.1/quartus/libraries/megafunctions/lpm_decode.inc        ;         ;
; aglobal161.inc                   ; yes             ; Megafunction                      ; /opt/intelFPGA_lite/16.1/quartus/libraries/megafunctions/aglobal161.inc        ;         ;
; a_rdenreg.inc                    ; yes             ; Megafunction                      ; /opt/intelFPGA_lite/16.1/quartus/libraries/megafunctions/a_rdenreg.inc         ;         ;
; altrom.inc                       ; yes             ; Megafunction                      ; /opt/intelFPGA_lite/16.1/quartus/libraries/megafunctions/altrom.inc            ;         ;
; altram.inc                       ; yes             ; Megafunction                      ; /opt/intelFPGA_lite/16.1/quartus/libraries/megafunctions/altram.inc            ;         ;
; altdpram.inc                     ; yes             ; Megafunction                      ; /opt/intelFPGA_lite/16.1/quartus/libraries/megafunctions/altdpram.inc          ;         ;
; db/altsyncram_jps3.tdf           ; yes             ; Auto-Generated Megafunction       ; /home/jashanpratap/Projects/Coe_608/Lab 6/part2/db/altsyncram_jps3.tdf         ;         ;
; db/altsyncram_hie1.tdf           ; yes             ; Auto-Generated Megafunction       ; /home/jashanpratap/Projects/Coe_608/Lab 6/part2/db/altsyncram_hie1.tdf         ;         ;
+----------------------------------+-----------------+-----------------------------------+--------------------------------------------------------------------------------+---------+


+------------------------------------------------------------+
; Analysis & Synthesis Resource Usage Summary                ;
+---------------------------------------------+--------------+
; Resource                                    ; Usage        ;
+---------------------------------------------+--------------+
; Estimated Total logic elements              ; 689          ;
;                                             ;              ;
; Total combinational functions               ; 655          ;
; Logic element usage by number of LUT inputs ;              ;
;     -- 4 input functions                    ; 283          ;
;     -- 3 input functions                    ; 258          ;
;     -- <=2 input functions                  ; 114          ;
;                                             ;              ;
; Logic elements by mode                      ;              ;
;     -- normal mode                          ; 529          ;
;     -- arithmetic mode                      ; 126          ;
;                                             ;              ;
; Total registers                             ; 202          ;
;     -- Dedicated logic registers            ; 202          ;
;     -- I/O registers                        ; 0            ;
;                                             ;              ;
; I/O pins                                    ; 209          ;
; Total memory bits                           ; 10240        ;
;                                             ;              ;
; Embedded Multiplier 9-bit elements          ; 0            ;
;                                             ;              ;
; Maximum fan-out node                        ; cpuClk~input ;
; Maximum fan-out                             ; 202          ;
; Total fan-out                               ; 4164         ;
; Average fan-out                             ; 3.11         ;
+---------------------------------------------+--------------+


+-------------------------------------------------------------------------------------------------------------------------------------------------------------------------------------------------------------------------------------------------------------------------------------------------------------------------------+
; Analysis & Synthesis Resource Utilization by Entity                                                                                                                                                                                                                                                                           ;
+-------------------------------------------------+---------------------+---------------------------+-------------+--------------+---------+-----------+------+--------------+-----------------------------------------------------------------------------------------------------------------+-----------------+--------------+
; Compilation Hierarchy Node                      ; Combinational ALUTs ; Dedicated Logic Registers ; Memory Bits ; DSP Elements ; DSP 9x9 ; DSP 18x18 ; Pins ; Virtual Pins ; Full Hierarchy Name                                                                                             ; Entity Name     ; Library Name ;
+-------------------------------------------------+---------------------+---------------------------+-------------+--------------+---------+-----------+------+--------------+-----------------------------------------------------------------------------------------------------------------+-----------------+--------------+
; |CPU_TEST_Sim                                   ; 655 (0)             ; 202 (0)                   ; 10240       ; 0            ; 0       ; 0         ; 209  ; 0            ; |CPU_TEST_Sim                                                                                                   ; CPU_TEST_Sim    ; work         ;
;    |cpu1:main_processor|                        ; 655 (0)             ; 202 (0)                   ; 8192        ; 0            ; 0       ; 0         ; 0    ; 0            ; |CPU_TEST_Sim|cpu1:main_processor                                                                               ; cpu1            ; work         ;
;       |control:C1|                              ; 47 (47)             ; 6 (6)                     ; 0           ; 0            ; 0       ; 0         ; 0    ; 0            ; |CPU_TEST_Sim|cpu1:main_processor|control:C1                                                                    ; control         ; work         ;
;       |datapath:Dpth|                           ; 533 (0)             ; 162 (0)                   ; 8192        ; 0            ; 0       ; 0         ; 0    ; 0            ; |CPU_TEST_Sim|cpu1:main_processor|datapath:Dpth                                                                 ; datapath        ; work         ;
;          |MUX_2:M1|                             ; 32 (32)             ; 0 (0)                     ; 0           ; 0            ; 0       ; 0         ; 0    ; 0            ; |CPU_TEST_Sim|cpu1:main_processor|datapath:Dpth|MUX_2:M1                                                        ; MUX_2           ; work         ;
;          |MUX_2:M2|                             ; 32 (32)             ; 0 (0)                     ; 0           ; 0            ; 0       ; 0         ; 0    ; 0            ; |CPU_TEST_Sim|cpu1:main_processor|datapath:Dpth|MUX_2:M2                                                        ; MUX_2           ; work         ;
;          |MUX_2:M4|                             ; 32 (32)             ; 0 (0)                     ; 0           ; 0            ; 0       ; 0         ; 0    ; 0            ; |CPU_TEST_Sim|cpu1:main_processor|datapath:Dpth|MUX_2:M4                                                        ; MUX_2           ; work         ;
;          |MUX_3:M5|                             ; 32 (32)             ; 0 (0)                     ; 0           ; 0            ; 0       ; 0         ; 0    ; 0            ; |CPU_TEST_Sim|cpu1:main_processor|datapath:Dpth|MUX_3:M5                                                        ; MUX_3           ; work         ;
;          |MUX_3:M6|                             ; 65 (65)             ; 0 (0)                     ; 0           ; 0            ; 0       ; 0         ; 0    ; 0            ; |CPU_TEST_Sim|cpu1:main_processor|datapath:Dpth|MUX_3:M6                                                        ; MUX_3           ; work         ;
;          |alu32:ALU|                            ; 222 (222)           ; 0 (0)                     ; 0           ; 0            ; 0       ; 0         ; 0    ; 0            ; |CPU_TEST_Sim|cpu1:main_processor|datapath:Dpth|alu32:ALU                                                       ; alu32           ; work         ;
;          |data_mem:D1|                          ; 32 (32)             ; 32 (32)                   ; 8192        ; 0            ; 0       ; 0         ; 0    ; 0            ; |CPU_TEST_Sim|cpu1:main_processor|datapath:Dpth|data_mem:D1                                                     ; data_mem        ; work         ;
;             |altsyncram:mem_rtl_0|              ; 0 (0)               ; 0 (0)                     ; 8192        ; 0            ; 0       ; 0         ; 0    ; 0            ; |CPU_TEST_Sim|cpu1:main_processor|datapath:Dpth|data_mem:D1|altsyncram:mem_rtl_0                                ; altsyncram      ; work         ;
;                |altsyncram_hie1:auto_generated| ; 0 (0)               ; 0 (0)                     ; 8192        ; 0            ; 0       ; 0         ; 0    ; 0            ; |CPU_TEST_Sim|cpu1:main_processor|datapath:Dpth|data_mem:D1|altsyncram:mem_rtl_0|altsyncram_hie1:auto_generated ; altsyncram_hie1 ; work         ;
;          |pc:ProgCount|                         ; 86 (86)             ; 32 (32)                   ; 0           ; 0            ; 0       ; 0         ; 0    ; 0            ; |CPU_TEST_Sim|cpu1:main_processor|datapath:Dpth|pc:ProgCount                                                    ; pc              ; work         ;
;          |reg1:C|                               ; 0 (0)               ; 1 (1)                     ; 0           ; 0            ; 0       ; 0         ; 0    ; 0            ; |CPU_TEST_Sim|cpu1:main_processor|datapath:Dpth|reg1:C                                                          ; reg1            ; work         ;
;          |reg1:Z|                               ; 0 (0)               ; 1 (1)                     ; 0           ; 0            ; 0       ; 0         ; 0    ; 0            ; |CPU_TEST_Sim|cpu1:main_processor|datapath:Dpth|reg1:Z                                                          ; reg1            ; work         ;
;          |reg32:A|                              ; 0 (0)               ; 32 (32)                   ; 0           ; 0            ; 0       ; 0         ; 0    ; 0            ; |CPU_TEST_Sim|cpu1:main_processor|datapath:Dpth|reg32:A                                                         ; reg32           ; work         ;
;          |reg32:B|                              ; 0 (0)               ; 32 (32)                   ; 0           ; 0            ; 0       ; 0         ; 0    ; 0            ; |CPU_TEST_Sim|cpu1:main_processor|datapath:Dpth|reg32:B                                                         ; reg32           ; work         ;
;          |reg32:IR|                             ; 0 (0)               ; 32 (32)                   ; 0           ; 0            ; 0       ; 0         ; 0    ; 0            ; |CPU_TEST_Sim|cpu1:main_processor|datapath:Dpth|reg32:IR                                                        ; reg32           ; work         ;
;       |reset_circuit:R1|                        ; 75 (75)             ; 34 (34)                   ; 0           ; 0            ; 0       ; 0         ; 0    ; 0            ; |CPU_TEST_Sim|cpu1:main_processor|reset_circuit:R1                                                              ; reset_circuit   ; work         ;
;    |system_memory:main_memory|                  ; 0 (0)               ; 0 (0)                     ; 2048        ; 0            ; 0       ; 0         ; 0    ; 0            ; |CPU_TEST_Sim|system_memory:main_memory                                                                         ; system_memory   ; work         ;
;       |altsyncram:altsyncram_component|         ; 0 (0)               ; 0 (0)                     ; 2048        ; 0            ; 0       ; 0         ; 0    ; 0            ; |CPU_TEST_Sim|system_memory:main_memory|altsyncram:altsyncram_component                                         ; altsyncram      ; work         ;
;          |altsyncram_jps3:auto_generated|       ; 0 (0)               ; 0 (0)                     ; 2048        ; 0            ; 0       ; 0         ; 0    ; 0            ; |CPU_TEST_Sim|system_memory:main_memory|altsyncram:altsyncram_component|altsyncram_jps3:auto_generated          ; altsyncram_jps3 ; work         ;
+-------------------------------------------------+---------------------+---------------------------+-------------+--------------+---------+-----------+------+--------------+-----------------------------------------------------------------------------------------------------------------+-----------------+--------------+
Note: For table entries with two numbers listed, the numbers in parentheses indicate the number of resources of the given type used by the specific entity alone. The numbers listed outside of parentheses indicate the total resources of the given type used by the specific entity and all of its sub-entities in the hierarchy.


+-------------------------------------------------------------------------------------------------------------------------------------------------------------------------------------------------------------------------------+
; Analysis & Synthesis RAM Summary                                                                                                                                                                                              ;
+--------------------------------------------------------------------------------------------------------------+------+------------------+--------------+--------------+--------------+--------------+------+-------------------+
; Name                                                                                                         ; Type ; Mode             ; Port A Depth ; Port A Width ; Port B Depth ; Port B Width ; Size ; MIF               ;
+--------------------------------------------------------------------------------------------------------------+------+------------------+--------------+--------------+--------------+--------------+------+-------------------+
; cpu1:main_processor|datapath:Dpth|data_mem:D1|altsyncram:mem_rtl_0|altsyncram_hie1:auto_generated|ALTSYNCRAM ; AUTO ; Simple Dual Port ; 256          ; 32           ; 256          ; 32           ; 8192 ; None              ;
; system_memory:main_memory|altsyncram:altsyncram_component|altsyncram_jps3:auto_generated|ALTSYNCRAM          ; AUTO ; Single Port      ; 64           ; 32           ; --           ; --           ; 2048 ; system_memory.mif ;
+--------------------------------------------------------------------------------------------------------------+------+------------------+--------------+--------------+--------------+--------------+------+-------------------+


Encoding Type:  One-Hot
+-----------------------------------------------------------------------------------------------+
; State Machine - |CPU_TEST_Sim|cpu1:main_processor|control:C1|present_state                    ;
+-----------------------+-----------------------+-----------------------+-----------------------+
; Name                  ; present_state.state_2 ; present_state.state_1 ; present_state.state_0 ;
+-----------------------+-----------------------+-----------------------+-----------------------+
; present_state.state_0 ; 0                     ; 0                     ; 0                     ;
; present_state.state_1 ; 0                     ; 1                     ; 1                     ;
; present_state.state_2 ; 1                     ; 0                     ; 1                     ;
+-----------------------+-----------------------+-----------------------+-----------------------+


+-------------------------------------------------------------------------------------------------------------------------------+
; User-Specified and Inferred Latches                                                                                           ;
+-----------------------------------------------------+------------------------------------------------+------------------------+
; Latch Name                                          ; Latch Enable Signal                            ; Free of Timing Hazards ;
+-----------------------------------------------------+------------------------------------------------+------------------------+
; cpu1:main_processor|control:C1|DATA_Mux[1]          ; cpu1:main_processor|reset_circuit:R1|Enable_PD ; yes                    ;
; cpu1:main_processor|control:C1|DATA_Mux[0]          ; cpu1:main_processor|reset_circuit:R1|Enable_PD ; yes                    ;
; cpu1:main_processor|control:C1|ALU_op[1]            ; cpu1:main_processor|reset_circuit:R1|Enable_PD ; yes                    ;
; cpu1:main_processor|control:C1|ALU_op[0]            ; cpu1:main_processor|reset_circuit:R1|Enable_PD ; yes                    ;
; cpu1:main_processor|control:C1|ALU_op[2]            ; cpu1:main_processor|reset_circuit:R1|Enable_PD ; yes                    ;
; cpu1:main_processor|control:C1|IM_MUX1              ; cpu1:main_processor|reset_circuit:R1|Enable_PD ; yes                    ;
; cpu1:main_processor|control:C1|IM_MUX2[1]           ; cpu1:main_processor|reset_circuit:R1|Enable_PD ; yes                    ;
; cpu1:main_processor|control:C1|IM_MUX2[0]           ; cpu1:main_processor|reset_circuit:R1|Enable_PD ; yes                    ;
; cpu1:main_processor|control:C1|A_Mux                ; cpu1:main_processor|reset_circuit:R1|Enable_PD ; yes                    ;
; cpu1:main_processor|control:C1|B_Mux                ; cpu1:main_processor|reset_circuit:R1|Enable_PD ; yes                    ;
; cpu1:main_processor|control:C1|REG_Mux              ; cpu1:main_processor|reset_circuit:R1|Enable_PD ; yes                    ;
; Number of user-specified and inferred latches = 11  ;                                                ;                        ;
+-----------------------------------------------------+------------------------------------------------+------------------------+
Note: All latches listed above may not be present at the end of synthesis due to various synthesis optimizations.


+------------------------------------------------------+
; General Register Statistics                          ;
+----------------------------------------------+-------+
; Statistic                                    ; Value ;
+----------------------------------------------+-------+
; Total registers                              ; 202   ;
; Number of registers using Synchronous Clear  ; 32    ;
; Number of registers using Synchronous Load   ; 32    ;
; Number of registers using Asynchronous Clear ; 72    ;
; Number of registers using Asynchronous Load  ; 0     ;
; Number of registers using Clock Enable       ; 127   ;
; Number of registers using Preset             ; 0     ;
+----------------------------------------------+-------+


+-----------------------------------------------------------+
; Inverted Register Statistics                              ;
+-------------------------------------------------+---------+
; Inverted Register                               ; Fan out ;
+-------------------------------------------------+---------+
; cpu1:main_processor|control:C1|T[0]             ; 1       ;
; cpu1:main_processor|reset_circuit:R1|counter[2] ; 2       ;
; cpu1:main_processor|reset_circuit:R1|counter[0] ; 1       ;
; Total number of inverted registers = 3          ;         ;
+-------------------------------------------------+---------+


+----------------------------------------------------------------------------------------------------------------------------------------------------------------------------------------+
; Multiplexer Restructuring Statistics (Restructuring Performed)                                                                                                                         ;
+--------------------+-----------+---------------+----------------------+------------------------+------------+--------------------------------------------------------------------------+
; Multiplexer Inputs ; Bus Width ; Baseline Area ; Area if Restructured ; Saving if Restructured ; Registered ; Example Multiplexer Output                                               ;
+--------------------+-----------+---------------+----------------------+------------------------+------------+--------------------------------------------------------------------------+
; 3:1                ; 32 bits   ; 64 LEs        ; 32 LEs               ; 32 LEs                 ; Yes        ; |CPU_TEST_Sim|cpu1:main_processor|datapath:Dpth|data_mem:D1|data_out[19] ;
; 4:1                ; 16 bits   ; 32 LEs        ; 32 LEs               ; 0 LEs                  ; Yes        ; |CPU_TEST_Sim|cpu1:main_processor|datapath:Dpth|pc:ProgCount|q[31]~reg0  ;
; 4:1                ; 16 bits   ; 32 LEs        ; 32 LEs               ; 0 LEs                  ; Yes        ; |CPU_TEST_Sim|cpu1:main_processor|datapath:Dpth|pc:ProgCount|q[11]~reg0  ;
; 4:1                ; 16 bits   ; 32 LEs        ; 32 LEs               ; 0 LEs                  ; No         ; |CPU_TEST_Sim|cpu1:main_processor|datapath:Dpth|MUX_3:M5|Mux5            ;
; 4:1                ; 16 bits   ; 32 LEs        ; 32 LEs               ; 0 LEs                  ; No         ; |CPU_TEST_Sim|cpu1:main_processor|datapath:Dpth|MUX_3:M5|Mux16           ;
; 4:1                ; 32 bits   ; 64 LEs        ; 64 LEs               ; 0 LEs                  ; No         ; |CPU_TEST_Sim|cpu1:main_processor|datapath:Dpth|MUX_3:M6|Mux1            ;
; 4:1                ; 3 bits    ; 6 LEs         ; 3 LEs                ; 3 LEs                  ; No         ; |CPU_TEST_Sim|cpu1:main_processor|control:C1|clr_A                       ;
; 7:1                ; 30 bits   ; 120 LEs       ; 120 LEs              ; 0 LEs                  ; No         ; |CPU_TEST_Sim|cpu1:main_processor|datapath:Dpth|alu32:ALU|Mux25          ;
+--------------------+-----------+---------------+----------------------+------------------------+------------+--------------------------------------------------------------------------+


+-----------------------------------------------------------------------------------------------------------------+
; Source assignments for system_memory:main_memory|altsyncram:altsyncram_component|altsyncram_jps3:auto_generated ;
+---------------------------------+--------------------+------+---------------------------------------------------+
; Assignment                      ; Value              ; From ; To                                                ;
+---------------------------------+--------------------+------+---------------------------------------------------+
; OPTIMIZE_POWER_DURING_SYNTHESIS ; NORMAL_COMPILATION ; -    ; -                                                 ;
+---------------------------------+--------------------+------+---------------------------------------------------+


+--------------------------------------------------------------------------------------------------------------------------+
; Source assignments for cpu1:main_processor|datapath:Dpth|data_mem:D1|altsyncram:mem_rtl_0|altsyncram_hie1:auto_generated ;
+---------------------------------+--------------------+------+------------------------------------------------------------+
; Assignment                      ; Value              ; From ; To                                                         ;
+---------------------------------+--------------------+------+------------------------------------------------------------+
; OPTIMIZE_POWER_DURING_SYNTHESIS ; NORMAL_COMPILATION ; -    ; -                                                          ;
+---------------------------------+--------------------+------+------------------------------------------------------------+


+--------------------------------------------------------------------------------------------------------+
; Parameter Settings for User Entity Instance: system_memory:main_memory|altsyncram:altsyncram_component ;
+------------------------------------+----------------------+--------------------------------------------+
; Parameter Name                     ; Value                ; Type                                       ;
+------------------------------------+----------------------+--------------------------------------------+
; BYTE_SIZE_BLOCK                    ; 8                    ; Untyped                                    ;
; AUTO_CARRY_CHAINS                  ; ON                   ; AUTO_CARRY                                 ;
; IGNORE_CARRY_BUFFERS               ; OFF                  ; IGNORE_CARRY                               ;
; AUTO_CASCADE_CHAINS                ; ON                   ; AUTO_CASCADE                               ;
; IGNORE_CASCADE_BUFFERS             ; OFF                  ; IGNORE_CASCADE                             ;
; WIDTH_BYTEENA                      ; 1                    ; Untyped                                    ;
; OPERATION_MODE                     ; SINGLE_PORT          ; Untyped                                    ;
; WIDTH_A                            ; 32                   ; Signed Integer                             ;
; WIDTHAD_A                          ; 6                    ; Signed Integer                             ;
; NUMWORDS_A                         ; 64                   ; Signed Integer                             ;
; OUTDATA_REG_A                      ; UNREGISTERED         ; Untyped                                    ;
; ADDRESS_ACLR_A                     ; NONE                 ; Untyped                                    ;
; OUTDATA_ACLR_A                     ; NONE                 ; Untyped                                    ;
; WRCONTROL_ACLR_A                   ; NONE                 ; Untyped                                    ;
; INDATA_ACLR_A                      ; NONE                 ; Untyped                                    ;
; BYTEENA_ACLR_A                     ; NONE                 ; Untyped                                    ;
; WIDTH_B                            ; 1                    ; Signed Integer                             ;
; WIDTHAD_B                          ; 1                    ; Signed Integer                             ;
; NUMWORDS_B                         ; 0                    ; Signed Integer                             ;
; INDATA_REG_B                       ; CLOCK1               ; Untyped                                    ;
; WRCONTROL_WRADDRESS_REG_B          ; CLOCK1               ; Untyped                                    ;
; RDCONTROL_REG_B                    ; CLOCK1               ; Untyped                                    ;
; ADDRESS_REG_B                      ; CLOCK1               ; Untyped                                    ;
; OUTDATA_REG_B                      ; UNREGISTERED         ; Untyped                                    ;
; BYTEENA_REG_B                      ; CLOCK1               ; Untyped                                    ;
; INDATA_ACLR_B                      ; NONE                 ; Untyped                                    ;
; WRCONTROL_ACLR_B                   ; NONE                 ; Untyped                                    ;
; ADDRESS_ACLR_B                     ; NONE                 ; Untyped                                    ;
; OUTDATA_ACLR_B                     ; NONE                 ; Untyped                                    ;
; RDCONTROL_ACLR_B                   ; NONE                 ; Untyped                                    ;
; BYTEENA_ACLR_B                     ; NONE                 ; Untyped                                    ;
; WIDTH_BYTEENA_A                    ; 1                    ; Signed Integer                             ;
; WIDTH_BYTEENA_B                    ; 1                    ; Signed Integer                             ;
; RAM_BLOCK_TYPE                     ; AUTO                 ; Untyped                                    ;
; BYTE_SIZE                          ; 8                    ; Signed Integer                             ;
; READ_DURING_WRITE_MODE_MIXED_PORTS ; DONT_CARE            ; Untyped                                    ;
; READ_DURING_WRITE_MODE_PORT_A      ; NEW_DATA_NO_NBE_READ ; Untyped                                    ;
; READ_DURING_WRITE_MODE_PORT_B      ; NEW_DATA_NO_NBE_READ ; Untyped                                    ;
; INIT_FILE                          ; system_memory.mif    ; Untyped                                    ;
; INIT_FILE_LAYOUT                   ; PORT_A               ; Untyped                                    ;
; MAXIMUM_DEPTH                      ; 0                    ; Signed Integer                             ;
; CLOCK_ENABLE_INPUT_A               ; BYPASS               ; Untyped                                    ;
; CLOCK_ENABLE_INPUT_B               ; NORMAL               ; Untyped                                    ;
; CLOCK_ENABLE_OUTPUT_A              ; BYPASS               ; Untyped                                    ;
; CLOCK_ENABLE_OUTPUT_B              ; NORMAL               ; Untyped                                    ;
; CLOCK_ENABLE_CORE_A                ; USE_INPUT_CLKEN      ; Untyped                                    ;
; CLOCK_ENABLE_CORE_B                ; USE_INPUT_CLKEN      ; Untyped                                    ;
; ENABLE_ECC                         ; FALSE                ; Untyped                                    ;
; ECC_PIPELINE_STAGE_ENABLED         ; FALSE                ; Untyped                                    ;
; WIDTH_ECCSTATUS                    ; 3                    ; Signed Integer                             ;
; DEVICE_FAMILY                      ; Cyclone IV E         ; Untyped                                    ;
; CBXI_PARAMETER                     ; altsyncram_jps3      ; Untyped                                    ;
+------------------------------------+----------------------+--------------------------------------------+
Note: In order to hide this table in the UI and the text report file, please set the "Show Parameter Settings in Synthesis Report" option in "Analysis and Synthesis Settings -> More Settings" to "Off".


+--------------------------------------------------------------------------------+
; Parameter Settings for User Entity Instance: cpu1:main_processor|datapath:Dpth ;
+----------------+-------+-------------------------------------------------------+
; Parameter Name ; Value ; Type                                                  ;
+----------------+-------+-------------------------------------------------------+
; n              ; 32    ; Signed Integer                                        ;
+----------------+-------+-------------------------------------------------------+
Note: In order to hide this table in the UI and the text report file, please set the "Show Parameter Settings in Synthesis Report" option in "Analysis and Synthesis Settings -> More Settings" to "Off".


+------------------------------------------------------------------------------------------+
; Parameter Settings for User Entity Instance: cpu1:main_processor|datapath:Dpth|alu32:ALU ;
+----------------+-------+-----------------------------------------------------------------+
; Parameter Name ; Value ; Type                                                            ;
+----------------+-------+-----------------------------------------------------------------+
; nBits          ; 32    ; Signed Integer                                                  ;
+----------------+-------+-----------------------------------------------------------------+
Note: In order to hide this table in the UI and the text report file, please set the "Show Parameter Settings in Synthesis Report" option in "Analysis and Synthesis Settings -> More Settings" to "Off".


+---------------------------------------------------------------------------------------------+
; Parameter Settings for User Entity Instance: cpu1:main_processor|datapath:Dpth|pc:ProgCount ;
+----------------+-------+--------------------------------------------------------------------+
; Parameter Name ; Value ; Type                                                               ;
+----------------+-------+--------------------------------------------------------------------+
; n              ; 32    ; Signed Integer                                                     ;
+----------------+-------+--------------------------------------------------------------------+
Note: In order to hide this table in the UI and the text report file, please set the "Show Parameter Settings in Synthesis Report" option in "Analysis and Synthesis Settings -> More Settings" to "Off".


+---------------------------------------------------------------------------------------------------------------------+
; Parameter Settings for Inferred Entity Instance: cpu1:main_processor|datapath:Dpth|data_mem:D1|altsyncram:mem_rtl_0 ;
+------------------------------------+----------------------+---------------------------------------------------------+
; Parameter Name                     ; Value                ; Type                                                    ;
+------------------------------------+----------------------+---------------------------------------------------------+
; BYTE_SIZE_BLOCK                    ; 8                    ; Untyped                                                 ;
; AUTO_CARRY_CHAINS                  ; ON                   ; AUTO_CARRY                                              ;
; IGNORE_CARRY_BUFFERS               ; OFF                  ; IGNORE_CARRY                                            ;
; AUTO_CASCADE_CHAINS                ; ON                   ; AUTO_CASCADE                                            ;
; IGNORE_CASCADE_BUFFERS             ; OFF                  ; IGNORE_CASCADE                                          ;
; WIDTH_BYTEENA                      ; 1                    ; Untyped                                                 ;
; OPERATION_MODE                     ; DUAL_PORT            ; Untyped                                                 ;
; WIDTH_A                            ; 32                   ; Untyped                                                 ;
; WIDTHAD_A                          ; 8                    ; Untyped                                                 ;
; NUMWORDS_A                         ; 256                  ; Untyped                                                 ;
; OUTDATA_REG_A                      ; UNREGISTERED         ; Untyped                                                 ;
; ADDRESS_ACLR_A                     ; NONE                 ; Untyped                                                 ;
; OUTDATA_ACLR_A                     ; NONE                 ; Untyped                                                 ;
; WRCONTROL_ACLR_A                   ; NONE                 ; Untyped                                                 ;
; INDATA_ACLR_A                      ; NONE                 ; Untyped                                                 ;
; BYTEENA_ACLR_A                     ; NONE                 ; Untyped                                                 ;
; WIDTH_B                            ; 32                   ; Untyped                                                 ;
; WIDTHAD_B                          ; 8                    ; Untyped                                                 ;
; NUMWORDS_B                         ; 256                  ; Untyped                                                 ;
; INDATA_REG_B                       ; CLOCK1               ; Untyped                                                 ;
; WRCONTROL_WRADDRESS_REG_B          ; CLOCK1               ; Untyped                                                 ;
; RDCONTROL_REG_B                    ; CLOCK1               ; Untyped                                                 ;
; ADDRESS_REG_B                      ; CLOCK1               ; Untyped                                                 ;
; OUTDATA_REG_B                      ; UNREGISTERED         ; Untyped                                                 ;
; BYTEENA_REG_B                      ; CLOCK1               ; Untyped                                                 ;
; INDATA_ACLR_B                      ; NONE                 ; Untyped                                                 ;
; WRCONTROL_ACLR_B                   ; NONE                 ; Untyped                                                 ;
; ADDRESS_ACLR_B                     ; NONE                 ; Untyped                                                 ;
; OUTDATA_ACLR_B                     ; NONE                 ; Untyped                                                 ;
; RDCONTROL_ACLR_B                   ; NONE                 ; Untyped                                                 ;
; BYTEENA_ACLR_B                     ; NONE                 ; Untyped                                                 ;
; WIDTH_BYTEENA_A                    ; 1                    ; Untyped                                                 ;
; WIDTH_BYTEENA_B                    ; 1                    ; Untyped                                                 ;
; RAM_BLOCK_TYPE                     ; AUTO                 ; Untyped                                                 ;
; BYTE_SIZE                          ; 8                    ; Untyped                                                 ;
; READ_DURING_WRITE_MODE_MIXED_PORTS ; DONT_CARE            ; Untyped                                                 ;
; READ_DURING_WRITE_MODE_PORT_A      ; NEW_DATA_NO_NBE_READ ; Untyped                                                 ;
; READ_DURING_WRITE_MODE_PORT_B      ; NEW_DATA_NO_NBE_READ ; Untyped                                                 ;
; INIT_FILE                          ; UNUSED               ; Untyped                                                 ;
; INIT_FILE_LAYOUT                   ; PORT_A               ; Untyped                                                 ;
; MAXIMUM_DEPTH                      ; 0                    ; Untyped                                                 ;
; CLOCK_ENABLE_INPUT_A               ; NORMAL               ; Untyped                                                 ;
; CLOCK_ENABLE_INPUT_B               ; NORMAL               ; Untyped                                                 ;
; CLOCK_ENABLE_OUTPUT_A              ; NORMAL               ; Untyped                                                 ;
; CLOCK_ENABLE_OUTPUT_B              ; NORMAL               ; Untyped                                                 ;
; CLOCK_ENABLE_CORE_A                ; USE_INPUT_CLKEN      ; Untyped                                                 ;
; CLOCK_ENABLE_CORE_B                ; USE_INPUT_CLKEN      ; Untyped                                                 ;
; ENABLE_ECC                         ; FALSE                ; Untyped                                                 ;
; ECC_PIPELINE_STAGE_ENABLED         ; FALSE                ; Untyped                                                 ;
; WIDTH_ECCSTATUS                    ; 3                    ; Untyped                                                 ;
; DEVICE_FAMILY                      ; Cyclone IV E         ; Untyped                                                 ;
; CBXI_PARAMETER                     ; altsyncram_hie1      ; Untyped                                                 ;
+------------------------------------+----------------------+---------------------------------------------------------+
Note: In order to hide this table in the UI and the text report file, please set the "Show Parameter Settings in Synthesis Report" option in "Analysis and Synthesis Settings -> More Settings" to "Off".


+----------------------------------------------------------------------------------------------------------------+
; altsyncram Parameter Settings by Entity Instance                                                               ;
+-------------------------------------------+--------------------------------------------------------------------+
; Name                                      ; Value                                                              ;
+-------------------------------------------+--------------------------------------------------------------------+
; Number of entity instances                ; 2                                                                  ;
; Entity Instance                           ; system_memory:main_memory|altsyncram:altsyncram_component          ;
;     -- OPERATION_MODE                     ; SINGLE_PORT                                                        ;
;     -- WIDTH_A                            ; 32                                                                 ;
;     -- NUMWORDS_A                         ; 64                                                                 ;
;     -- OUTDATA_REG_A                      ; UNREGISTERED                                                       ;
;     -- WIDTH_B                            ; 1                                                                  ;
;     -- NUMWORDS_B                         ; 0                                                                  ;
;     -- ADDRESS_REG_B                      ; CLOCK1                                                             ;
;     -- OUTDATA_REG_B                      ; UNREGISTERED                                                       ;
;     -- RAM_BLOCK_TYPE                     ; AUTO                                                               ;
;     -- READ_DURING_WRITE_MODE_MIXED_PORTS ; DONT_CARE                                                          ;
; Entity Instance                           ; cpu1:main_processor|datapath:Dpth|data_mem:D1|altsyncram:mem_rtl_0 ;
;     -- OPERATION_MODE                     ; DUAL_PORT                                                          ;
;     -- WIDTH_A                            ; 32                                                                 ;
;     -- NUMWORDS_A                         ; 256                                                                ;
;     -- OUTDATA_REG_A                      ; UNREGISTERED                                                       ;
;     -- WIDTH_B                            ; 32                                                                 ;
;     -- NUMWORDS_B                         ; 256                                                                ;
;     -- ADDRESS_REG_B                      ; CLOCK1                                                             ;
;     -- OUTDATA_REG_B                      ; UNREGISTERED                                                       ;
;     -- RAM_BLOCK_TYPE                     ; AUTO                                                               ;
;     -- READ_DURING_WRITE_MODE_MIXED_PORTS ; DONT_CARE                                                          ;
+-------------------------------------------+--------------------------------------------------------------------+


+----------------------------------------------------------------------------------------------------------------+
; Port Connectivity Checks: "cpu1:main_processor|datapath:Dpth|alu32:ALU"                                        ;
+------+--------+----------+-------------------------------------------------------------------------------------+
; Port ; Type   ; Severity ; Details                                                                             ;
+------+--------+----------+-------------------------------------------------------------------------------------+
; cout ; Output ; Info     ; Connected to dangling logic. Logic that only feeds a dangling port will be removed. ;
+------+--------+----------+-------------------------------------------------------------------------------------+


+------------------------------------------------------------------------+
; Port Connectivity Checks: "cpu1:main_processor|datapath:Dpth|MUX_3:M5" ;
+---------------+-------+----------+-------------------------------------+
; Port          ; Type  ; Severity ; Details                             ;
+---------------+-------+----------+-------------------------------------+
; in_ch3[31..1] ; Input ; Info     ; Stuck at GND                        ;
; in_ch3[0]     ; Input ; Info     ; Stuck at VCC                        ;
+---------------+-------+----------+-------------------------------------+


+-------------------------------------------------------------------------------------------------------------------------------------+
; Port Connectivity Checks: "cpu1:main_processor|datapath:Dpth"                                                                       ;
+------+--------+----------+----------------------------------------------------------------------------------------------------------+
; Port ; Type   ; Severity ; Details                                                                                                  ;
+------+--------+----------+----------------------------------------------------------------------------------------------------------+
; temp ; Output ; Warning  ; Declared by entity but not connected by instance. Logic that only feeds a dangling port will be removed. ;
+------+--------+----------+----------------------------------------------------------------------------------------------------------+


+--------------------------------------------------------------------------------------------------------------------------+
; Port Connectivity Checks: "cpu1:main_processor"                                                                          ;
+----------------+--------+----------+-------------------------------------------------------------------------------------+
; Port           ; Type   ; Severity ; Details                                                                             ;
+----------------+--------+----------+-------------------------------------------------------------------------------------+
; addrout[31..6] ; Output ; Info     ; Connected to dangling logic. Logic that only feeds a dangling port will be removed. ;
+----------------+--------+----------+-------------------------------------------------------------------------------------+


+-----------------------------------------------------+
; Post-Synthesis Netlist Statistics for Top Partition ;
+-----------------------+-----------------------------+
; Type                  ; Count                       ;
+-----------------------+-----------------------------+
; boundary_port         ; 209                         ;
; cycloneiii_ff         ; 202                         ;
;     CLR               ; 6                           ;
;     ENA               ; 61                          ;
;     ENA CLR           ; 66                          ;
;     SCLR SLD          ; 32                          ;
;     plain             ; 37                          ;
; cycloneiii_lcell_comb ; 657                         ;
;     arith             ; 126                         ;
;         2 data inputs ; 31                          ;
;         3 data inputs ; 95                          ;
;     normal            ; 531                         ;
;         0 data inputs ; 3                           ;
;         1 data inputs ; 8                           ;
;         2 data inputs ; 74                          ;
;         3 data inputs ; 163                         ;
;         4 data inputs ; 283                         ;
; cycloneiii_ram_block  ; 64                          ;
;                       ;                             ;
; Max LUT depth         ; 9.10                        ;
; Average LUT depth     ; 5.31                        ;
+-----------------------+-----------------------------+


+-------------------------------+
; Elapsed Time Per Partition    ;
+----------------+--------------+
; Partition Name ; Elapsed Time ;
+----------------+--------------+
; Top            ; 00:00:01     ;
+----------------+--------------+


+-------------------------------+
; Analysis & Synthesis Messages ;
+-------------------------------+
Info: *******************************************************************
Info: Running Quartus Prime Analysis & Synthesis
    Info: Version 16.1.0 Build 196 10/24/2016 SJ Lite Edition
    Info: Processing started: Mon Apr  6 18:37:58 2026
Info: Command: quartus_map --read_settings_files=on --write_settings_files=off CPU_TEST_Sim -c CPU_TEST_Sim
Warning (18236): Number of processors has not been specified which may cause overloading on shared machines.  Set the global assignment NUM_PARALLEL_PROCESSORS in your QSF to an appropriate value for best performance.
Info (20030): Parallel compilation is enabled and will use 4 of the 4 processors detected
Warning (12019): Can't analyze file -- file ../../../../../student2/sgolabia/Desktop/bonus/system_memory.vhd is missing
Warning (12019): Can't analyze file -- file ../../../../../student2/sgolabia/Desktop/bonus/sevenSeg_8bit.vhd is missing
Warning (12019): Can't analyze file -- file ../../../../../student2/sgolabia/Desktop/bonus/pollUnit.vhd is missing
Warning (12019): Can't analyze file -- file ../../../../../student2/sgolabia/Desktop/bonus/mux_out.vhd is missing
Warning (12019): Can't analyze file -- file ../../../../../student2/sgolabia/Desktop/bonus/lcd_controller1.vhd is missing
Warning (12019): Can't analyze file -- file ../../../../../student2/sgolabia/Desktop/bonus/generatorUnit.vhd is missing
Warning (12019): Can't analyze file -- file ../../../../../student2/sgolabia/Desktop/bonus/generator1.vhd is missing
Warning (12019): Can't analyze file -- file ../../../../../student2/sgolabia/Desktop/bonus/displayUnit.vhd is missing
Warning (12019): Can't analyze file -- file ../../../../../student2/sgolabia/Desktop/bonus/decoder_32bit.vhd is missing
Warning (12019): Can't analyze file -- file ../../../../../student2/sgolabia/Desktop/bonus/decoder_4bit.vhd is missing
Warning (12019): Can't analyze file -- file ../../../../../student2/sgolabia/Desktop/bonus/CPU_TEST_Sim.bdf is missing
Warning (12019): Can't analyze file -- file ../../../../../student2/sgolabia/Desktop/bonus/clDivide.vhd is missing
Info (12021): Found 2 design units, including 1 entities, in source file cpu1.vhd
    Info (12022): Found design unit 1: cpu1-behavior File: /home/jashanpratap/Projects/Coe_608/Lab 6/part2/cpu1.vhd Line: 26
    Info (12023): Found entity 1: cpu1 File: /home/jashanpratap/Projects/Coe_608/Lab 6/part2/cpu1.vhd Line: 4
Info (12021): Found 2 design units, including 1 entities, in source file LZE.vhd
    Info (12022): Found design unit 1: LZE-behv File: /home/jashanpratap/Projects/Coe_608/Lab 6/part2/LZE.vhd Line: 12
    Info (12023): Found entity 1: LZE File: /home/jashanpratap/Projects/Coe_608/Lab 6/part2/LZE.vhd Line: 5
Info (12021): Found 2 design units, including 1 entities, in source file reset_circuit.vhd
    Info (12022): Found design unit 1: reset_circuit-description File: /home/jashanpratap/Projects/Coe_608/Lab 6/part2/reset_circuit.vhd Line: 16
    Info (12023): Found entity 1: reset_circuit File: /home/jashanpratap/Projects/Coe_608/Lab 6/part2/reset_circuit.vhd Line: 6
Info (12021): Found 2 design units, including 1 entities, in source file pc.vhd
    Info (12022): Found design unit 1: pc-description File: /home/jashanpratap/Projects/Coe_608/Lab 6/part2/pc.vhd Line: 15
    Info (12023): Found entity 1: pc File: /home/jashanpratap/Projects/Coe_608/Lab 6/part2/pc.vhd Line: 5
Info (12021): Found 2 design units, including 1 entities, in source file datapath.vhd
    Info (12022): Found design unit 1: datapath-description File: /home/jashanpratap/Projects/Coe_608/Lab 6/part2/datapath.vhd Line: 49
    Info (12023): Found entity 1: datapath File: /home/jashanpratap/Projects/Coe_608/Lab 6/part2/datapath.vhd Line: 5
Info (12021): Found 2 design units, including 1 entities, in source file control.vhd
    Info (12022): Found design unit 1: control-description File: /home/jashanpratap/Projects/Coe_608/Lab 6/part2/control.vhd Line: 22
    Info (12023): Found entity 1: control File: /home/jashanpratap/Projects/Coe_608/Lab 6/part2/control.vhd Line: 3
Info (12021): Found 2 design units, including 1 entities, in source file MUX_3.vhd
    Info (12022): Found design unit 1: MUX_3-description File: /home/jashanpratap/Projects/Coe_608/Lab 6/part2/MUX_3.vhd Line: 14
    Info (12023): Found entity 1: MUX_3 File: /home/jashanpratap/Projects/Coe_608/Lab 6/part2/MUX_3.vhd Line: 5
Info (12021): Found 2 design units, including 1 entities, in source file MUX_2.vhd
    Info (12022): Found design unit 1: MUX_2-description File: /home/jashanpratap/Projects/Coe_608/Lab 6/part2/MUX_2.vhd Line: 13
    Info (12023): Found entity 1: MUX_2 File: /home/jashanpratap/Projects/Coe_608/Lab 6/part2/MUX_2.vhd Line: 5
Info (12021): Found 2 design units, including 1 entities, in source file reg32.vhd
    Info (12022): Found design unit 1: reg32-description File: /home/jashanpratap/Projects/Coe_608/Lab 6/part2/reg32.vhd Line: 13
    Info (12023): Found entity 1: reg32 File: /home/jashanpratap/Projects/Coe_608/Lab 6/part2/reg32.vhd Line: 5
Info (12021): Found 2 design units, including 1 entities, in source file reg1.vhd
    Info (12022): Found design unit 1: reg1-description File: /home/jashanpratap/Projects/Coe_608/Lab 6/part2/reg1.vhd Line: 14
    Info (12023): Found entity 1: reg1 File: /home/jashanpratap/Projects/Coe_608/Lab 6/part2/reg1.vhd Line: 5
Info (12021): Found 2 design units, including 1 entities, in source file data_mem.vhd
    Info (12022): Found design unit 1: data_mem-Description File: /home/jashanpratap/Projects/Coe_608/Lab 6/part2/data_mem.vhd Line: 14
    Info (12023): Found entity 1: data_mem File: /home/jashanpratap/Projects/Coe_608/Lab 6/part2/data_mem.vhd Line: 5
Info (12021): Found 2 design units, including 1 entities, in source file alu32.vhd
    Info (12022): Found design unit 1: alu32-description File: /home/jashanpratap/Projects/Coe_608/Lab 6/part2/alu32.vhd Line: 20
    Info (12023): Found entity 1: alu32 File: /home/jashanpratap/Projects/Coe_608/Lab 6/part2/alu32.vhd Line: 6
Info (12021): Found 2 design units, including 1 entities, in source file RED.vhd
    Info (12022): Found design unit 1: RED-behaviour File: /home/jashanpratap/Projects/Coe_608/Lab 6/part2/RED.vhd Line: 10
    Info (12023): Found entity 1: RED File: /home/jashanpratap/Projects/Coe_608/Lab 6/part2/RED.vhd Line: 5
Info (12021): Found 2 design units, including 1 entities, in source file UZE.vhd
    Info (12022): Found design unit 1: UZE-behv File: /home/jashanpratap/Projects/Coe_608/Lab 6/part2/UZE.vhd Line: 12
    Info (12023): Found entity 1: UZE File: /home/jashanpratap/Projects/Coe_608/Lab 6/part2/UZE.vhd Line: 5
Info (12021): Found 2 design units, including 1 entities, in source file CPU_TEST_Sim.vhd
    Info (12022): Found design unit 1: CPU_TEST_Sim-behavior File: /home/jashanpratap/Projects/Coe_608/Lab 6/part2/CPU_TEST_Sim.vhd Line: 32
    Info (12023): Found entity 1: CPU_TEST_Sim File: /home/jashanpratap/Projects/Coe_608/Lab 6/part2/CPU_TEST_Sim.vhd Line: 4
Info (12127): Elaborating entity "CPU_TEST_Sim" for the top level hierarchy
Warning (12125): Using design file system_memory.vhd, which is not specified as a design file for the current project, but contains definitions for 2 design units and 1 entities in project
    Info (12022): Found design unit 1: system_memory-SYN File: /home/jashanpratap/Projects/Coe_608/Lab 6/part2/system_memory.vhd Line: 55
    Info (12023): Found entity 1: system_memory File: /home/jashanpratap/Projects/Coe_608/Lab 6/part2/system_memory.vhd Line: 43
Info (12128): Elaborating entity "system_memory" for hierarchy "system_memory:main_memory" File: /home/jashanpratap/Projects/Coe_608/Lab 6/part2/CPU_TEST_Sim.vhd Line: 73
Info (12128): Elaborating entity "altsyncram" for hierarchy "system_memory:main_memory|altsyncram:altsyncram_component" File: /home/jashanpratap/Projects/Coe_608/Lab 6/part2/system_memory.vhd Line: 62
Info (12130): Elaborated megafunction instantiation "system_memory:main_memory|altsyncram:altsyncram_component" File: /home/jashanpratap/Projects/Coe_608/Lab 6/part2/system_memory.vhd Line: 62
Info (12133): Instantiated megafunction "system_memory:main_memory|altsyncram:altsyncram_component" with the following parameter: File: /home/jashanpratap/Projects/Coe_608/Lab 6/part2/system_memory.vhd Line: 62
    Info (12134): Parameter "address_aclr_a" = "UNUSED"
    Info (12134): Parameter "address_aclr_b" = "NONE"
    Info (12134): Parameter "address_reg_b" = "CLOCK1"
    Info (12134): Parameter "byte_size" = "8"
    Info (12134): Parameter "byteena_aclr_a" = "UNUSED"
    Info (12134): Parameter "byteena_aclr_b" = "NONE"
    Info (12134): Parameter "byteena_reg_b" = "CLOCK1"
    Info (12134): Parameter "clock_enable_core_a" = "USE_INPUT_CLKEN"
    Info (12134): Parameter "clock_enable_core_b" = "USE_INPUT_CLKEN"
    Info (12134): Parameter "clock_enable_input_a" = "BYPASS"
    Info (12134): Parameter "clock_enable_input_b" = "NORMAL"
    Info (12134): Parameter "clock_enable_output_a" = "BYPASS"
    Info (12134): Parameter "clock_enable_output_b" = "NORMAL"
    Info (12134): Parameter "intended_device_family" = "Cyclone II"
    Info (12134): Parameter "ecc_pipeline_stage_enabled" = "FALSE"
    Info (12134): Parameter "enable_ecc" = "FALSE"
    Info (12134): Parameter "implement_in_les" = "OFF"
    Info (12134): Parameter "indata_aclr_a" = "UNUSED"
    Info (12134): Parameter "indata_aclr_b" = "NONE"
    Info (12134): Parameter "indata_reg_b" = "CLOCK1"
    Info (12134): Parameter "init_file" = "system_memory.mif"
    Info (12134): Parameter "init_file_layout" = "PORT_A"
    Info (12134): Parameter "maximum_depth" = "0"
    Info (12134): Parameter "numwords_a" = "64"
    Info (12134): Parameter "numwords_b" = "0"
    Info (12134): Parameter "operation_mode" = "SINGLE_PORT"
    Info (12134): Parameter "outdata_aclr_a" = "NONE"
    Info (12134): Parameter "outdata_aclr_b" = "NONE"
    Info (12134): Parameter "outdata_reg_a" = "UNREGISTERED"
    Info (12134): Parameter "outdata_reg_b" = "UNREGISTERED"
    Info (12134): Parameter "power_up_uninitialized" = "FALSE"
    Info (12134): Parameter "ram_block_type" = "AUTO"
    Info (12134): Parameter "rdcontrol_aclr_b" = "NONE"
    Info (12134): Parameter "rdcontrol_reg_b" = "CLOCK1"
    Info (12134): Parameter "read_during_write_mode_mixed_ports" = "DONT_CARE"
    Info (12134): Parameter "read_during_write_mode_port_a" = "NEW_DATA_NO_NBE_READ"
    Info (12134): Parameter "read_during_write_mode_port_b" = "NEW_DATA_NO_NBE_READ"
    Info (12134): Parameter "stratixiv_m144k_allow_dual_clocks" = "ON"
    Info (12134): Parameter "width_a" = "32"
    Info (12134): Parameter "width_b" = "1"
    Info (12134): Parameter "width_byteena_a" = "1"
    Info (12134): Parameter "width_byteena_b" = "1"
    Info (12134): Parameter "width_eccstatus" = "3"
    Info (12134): Parameter "widthad_a" = "6"
    Info (12134): Parameter "widthad_b" = "1"
    Info (12134): Parameter "wrcontrol_aclr_a" = "UNUSED"
    Info (12134): Parameter "wrcontrol_aclr_b" = "NONE"
    Info (12134): Parameter "wrcontrol_wraddress_reg_b" = "CLOCK1"
    Info (12134): Parameter "lpm_hint" = "ENABLE_RUNTIME_MOD=NO"
    Info (12134): Parameter "lpm_type" = "altsyncram"
Info (12021): Found 1 design units, including 1 entities, in source file db/altsyncram_jps3.tdf
    Info (12023): Found entity 1: altsyncram_jps3 File: /home/jashanpratap/Projects/Coe_608/Lab 6/part2/db/altsyncram_jps3.tdf Line: 28
Info (12128): Elaborating entity "altsyncram_jps3" for hierarchy "system_memory:main_memory|altsyncram:altsyncram_component|altsyncram_jps3:auto_generated" File: /opt/intelFPGA_lite/16.1/quartus/libraries/megafunctions/altsyncram.tdf Line: 792
Info (12128): Elaborating entity "cpu1" for hierarchy "cpu1:main_processor" File: /home/jashanpratap/Projects/Coe_608/Lab 6/part2/CPU_TEST_Sim.vhd Line: 83
Info (12128): Elaborating entity "datapath" for hierarchy "cpu1:main_processor|datapath:Dpth" File: /home/jashanpratap/Projects/Coe_608/Lab 6/part2/cpu1.vhd Line: 123
Warning (10541): VHDL Signal Declaration warning at datapath.vhd(45): used implicit default value for signal "TEMP" because signal was never assigned a value or an explicit default value. Use of implicit default value may introduce unintended design optimizations. File: /home/jashanpratap/Projects/Coe_608/Lab 6/part2/datapath.vhd Line: 45
Info (12128): Elaborating entity "MUX_3" for hierarchy "cpu1:main_processor|datapath:Dpth|MUX_3:M6" File: /home/jashanpratap/Projects/Coe_608/Lab 6/part2/datapath.vhd Line: 171
Info (12128): Elaborating entity "reg32" for hierarchy "cpu1:main_processor|datapath:Dpth|reg32:IR" File: /home/jashanpratap/Projects/Coe_608/Lab 6/part2/datapath.vhd Line: 175
Info (12128): Elaborating entity "LZE" for hierarchy "cpu1:main_processor|datapath:Dpth|LZE:P1" File: /home/jashanpratap/Projects/Coe_608/Lab 6/part2/datapath.vhd Line: 177
Info (12128): Elaborating entity "UZE" for hierarchy "cpu1:main_processor|datapath:Dpth|UZE:P2" File: /home/jashanpratap/Projects/Coe_608/Lab 6/part2/datapath.vhd Line: 179
Info (12128): Elaborating entity "RED" for hierarchy "cpu1:main_processor|datapath:Dpth|RED:P3" File: /home/jashanpratap/Projects/Coe_608/Lab 6/part2/datapath.vhd Line: 181
Info (12128): Elaborating entity "MUX_2" for hierarchy "cpu1:main_processor|datapath:Dpth|MUX_2:M2" File: /home/jashanpratap/Projects/Coe_608/Lab 6/part2/datapath.vhd Line: 185
Info (12128): Elaborating entity "alu32" for hierarchy "cpu1:main_processor|datapath:Dpth|alu32:ALU" File: /home/jashanpratap/Projects/Coe_608/Lab 6/part2/datapath.vhd Line: 201
Info (12128): Elaborating entity "pc" for hierarchy "cpu1:main_processor|datapath:Dpth|pc:ProgCount" File: /home/jashanpratap/Projects/Coe_608/Lab 6/part2/datapath.vhd Line: 212
Info (12128): Elaborating entity "data_mem" for hierarchy "cpu1:main_processor|datapath:Dpth|data_mem:D1" File: /home/jashanpratap/Projects/Coe_608/Lab 6/part2/datapath.vhd Line: 223
Warning (10492): VHDL Process Statement warning at data_mem.vhd(22): signal "addr" is read inside the Process Statement but isn't in the Process Statement's sensitivity list File: /home/jashanpratap/Projects/Coe_608/Lab 6/part2/data_mem.vhd Line: 22
Info (12128): Elaborating entity "reg1" for hierarchy "cpu1:main_processor|datapath:Dpth|reg1:Z" File: /home/jashanpratap/Projects/Coe_608/Lab 6/part2/datapath.vhd Line: 235
Info (12128): Elaborating entity "control" for hierarchy "cpu1:main_processor|control:C1" File: /home/jashanpratap/Projects/Coe_608/Lab 6/part2/cpu1.vhd Line: 168
Warning (10631): VHDL Process Statement warning at control.vhd(29): inferring latch(es) for signal or variable "clr_IR", which holds its previous value in one or more paths through the process File: /home/jashanpratap/Projects/Coe_608/Lab 6/part2/control.vhd Line: 29
Warning (10631): VHDL Process Statement warning at control.vhd(29): inferring latch(es) for signal or variable "ld_IR", which holds its previous value in one or more paths through the process File: /home/jashanpratap/Projects/Coe_608/Lab 6/part2/control.vhd Line: 29
Warning (10631): VHDL Process Statement warning at control.vhd(29): inferring latch(es) for signal or variable "ALU_op", which holds its previous value in one or more paths through the process File: /home/jashanpratap/Projects/Coe_608/Lab 6/part2/control.vhd Line: 29
Warning (10631): VHDL Process Statement warning at control.vhd(29): inferring latch(es) for signal or variable "A_Mux", which holds its previous value in one or more paths through the process File: /home/jashanpratap/Projects/Coe_608/Lab 6/part2/control.vhd Line: 29
Warning (10631): VHDL Process Statement warning at control.vhd(29): inferring latch(es) for signal or variable "B_Mux", which holds its previous value in one or more paths through the process File: /home/jashanpratap/Projects/Coe_608/Lab 6/part2/control.vhd Line: 29
Warning (10631): VHDL Process Statement warning at control.vhd(29): inferring latch(es) for signal or variable "REG_Mux", which holds its previous value in one or more paths through the process File: /home/jashanpratap/Projects/Coe_608/Lab 6/part2/control.vhd Line: 29
Warning (10631): VHDL Process Statement warning at control.vhd(29): inferring latch(es) for signal or variable "DATA_Mux", which holds its previous value in one or more paths through the process File: /home/jashanpratap/Projects/Coe_608/Lab 6/part2/control.vhd Line: 29
Warning (10631): VHDL Process Statement warning at control.vhd(29): inferring latch(es) for signal or variable "IM_MUX1", which holds its previous value in one or more paths through the process File: /home/jashanpratap/Projects/Coe_608/Lab 6/part2/control.vhd Line: 29
Warning (10631): VHDL Process Statement warning at control.vhd(29): inferring latch(es) for signal or variable "IM_MUX2", which holds its previous value in one or more paths through the process File: /home/jashanpratap/Projects/Coe_608/Lab 6/part2/control.vhd Line: 29
Warning (10631): VHDL Process Statement warning at control.vhd(29): inferring latch(es) for signal or variable "ld_PC", which holds its previous value in one or more paths through the process File: /home/jashanpratap/Projects/Coe_608/Lab 6/part2/control.vhd Line: 29
Warning (10631): VHDL Process Statement warning at control.vhd(29): inferring latch(es) for signal or variable "inc_PC", which holds its previous value in one or more paths through the process File: /home/jashanpratap/Projects/Coe_608/Lab 6/part2/control.vhd Line: 29
Warning (10631): VHDL Process Statement warning at control.vhd(29): inferring latch(es) for signal or variable "clr_A", which holds its previous value in one or more paths through the process File: /home/jashanpratap/Projects/Coe_608/Lab 6/part2/control.vhd Line: 29
Warning (10631): VHDL Process Statement warning at control.vhd(29): inferring latch(es) for signal or variable "ld_A", which holds its previous value in one or more paths through the process File: /home/jashanpratap/Projects/Coe_608/Lab 6/part2/control.vhd Line: 29
Warning (10631): VHDL Process Statement warning at control.vhd(29): inferring latch(es) for signal or variable "clr_B", which holds its previous value in one or more paths through the process File: /home/jashanpratap/Projects/Coe_608/Lab 6/part2/control.vhd Line: 29
Warning (10631): VHDL Process Statement warning at control.vhd(29): inferring latch(es) for signal or variable "ld_B", which holds its previous value in one or more paths through the process File: /home/jashanpratap/Projects/Coe_608/Lab 6/part2/control.vhd Line: 29
Warning (10631): VHDL Process Statement warning at control.vhd(29): inferring latch(es) for signal or variable "clr_C", which holds its previous value in one or more paths through the process File: /home/jashanpratap/Projects/Coe_608/Lab 6/part2/control.vhd Line: 29
Warning (10631): VHDL Process Statement warning at control.vhd(29): inferring latch(es) for signal or variable "ld_C", which holds its previous value in one or more paths through the process File: /home/jashanpratap/Projects/Coe_608/Lab 6/part2/control.vhd Line: 29
Warning (10631): VHDL Process Statement warning at control.vhd(29): inferring latch(es) for signal or variable "clr_Z", which holds its previous value in one or more paths through the process File: /home/jashanpratap/Projects/Coe_608/Lab 6/part2/control.vhd Line: 29
Warning (10631): VHDL Process Statement warning at control.vhd(29): inferring latch(es) for signal or variable "ld_Z", which holds its previous value in one or more paths through the process File: /home/jashanpratap/Projects/Coe_608/Lab 6/part2/control.vhd Line: 29
Info (10041): Inferred latch for "IM_MUX2[0]" at control.vhd(29) File: /home/jashanpratap/Projects/Coe_608/Lab 6/part2/control.vhd Line: 29
Info (10041): Inferred latch for "IM_MUX2[1]" at control.vhd(29) File: /home/jashanpratap/Projects/Coe_608/Lab 6/part2/control.vhd Line: 29
Info (10041): Inferred latch for "IM_MUX1" at control.vhd(29) File: /home/jashanpratap/Projects/Coe_608/Lab 6/part2/control.vhd Line: 29
Info (10041): Inferred latch for "DATA_Mux[0]" at control.vhd(29) File: /home/jashanpratap/Projects/Coe_608/Lab 6/part2/control.vhd Line: 29
Info (10041): Inferred latch for "DATA_Mux[1]" at control.vhd(29) File: /home/jashanpratap/Projects/Coe_608/Lab 6/part2/control.vhd Line: 29
Info (10041): Inferred latch for "REG_Mux" at control.vhd(29) File: /home/jashanpratap/Projects/Coe_608/Lab 6/part2/control.vhd Line: 29
Info (10041): Inferred latch for "B_Mux" at control.vhd(29) File: /home/jashanpratap/Projects/Coe_608/Lab 6/part2/control.vhd Line: 29
Info (10041): Inferred latch for "A_Mux" at control.vhd(29) File: /home/jashanpratap/Projects/Coe_608/Lab 6/part2/control.vhd Line: 29
Info (10041): Inferred latch for "ALU_op[0]" at control.vhd(29) File: /home/jashanpratap/Projects/Coe_608/Lab 6/part2/control.vhd Line: 29
Info (10041): Inferred latch for "ALU_op[1]" at control.vhd(29) File: /home/jashanpratap/Projects/Coe_608/Lab 6/part2/control.vhd Line: 29
Info (10041): Inferred latch for "ALU_op[2]" at control.vhd(29) File: /home/jashanpratap/Projects/Coe_608/Lab 6/part2/control.vhd Line: 29
Info (12128): Elaborating entity "reset_circuit" for hierarchy "cpu1:main_processor|reset_circuit:R1" File: /home/jashanpratap/Projects/Coe_608/Lab 6/part2/cpu1.vhd Line: 201
Warning (276027): Inferred dual-clock RAM node "cpu1:main_processor|datapath:Dpth|data_mem:D1|mem_rtl_0" from synchronous design logic.  The read-during-write behavior of a dual-clock RAM is undefined and may not match the behavior of the original design.
Info (19000): Inferred 1 megafunctions from design logic
    Info (276029): Inferred altsyncram megafunction from the following design logic: "cpu1:main_processor|datapath:Dpth|data_mem:D1|mem_rtl_0" 
        Info (286033): Parameter OPERATION_MODE set to DUAL_PORT
        Info (286033): Parameter WIDTH_A set to 32
        Info (286033): Parameter WIDTHAD_A set to 8
        Info (286033): Parameter NUMWORDS_A set to 256
        Info (286033): Parameter WIDTH_B set to 32
        Info (286033): Parameter WIDTHAD_B set to 8
        Info (286033): Parameter NUMWORDS_B set to 256
        Info (286033): Parameter ADDRESS_ACLR_A set to NONE
        Info (286033): Parameter OUTDATA_REG_B set to UNREGISTERED
        Info (286033): Parameter ADDRESS_ACLR_B set to NONE
        Info (286033): Parameter OUTDATA_ACLR_B set to NONE
        Info (286033): Parameter ADDRESS_REG_B set to CLOCK1
        Info (286033): Parameter INDATA_ACLR_A set to NONE
        Info (286033): Parameter WRCONTROL_ACLR_A set to NONE
Info (12130): Elaborated megafunction instantiation "cpu1:main_processor|datapath:Dpth|data_mem:D1|altsyncram:mem_rtl_0"
Info (12133): Instantiated megafunction "cpu1:main_processor|datapath:Dpth|data_mem:D1|altsyncram:mem_rtl_0" with the following parameter:
    Info (12134): Parameter "OPERATION_MODE" = "DUAL_PORT"
    Info (12134): Parameter "WIDTH_A" = "32"
    Info (12134): Parameter "WIDTHAD_A" = "8"
    Info (12134): Parameter "NUMWORDS_A" = "256"
    Info (12134): Parameter "WIDTH_B" = "32"
    Info (12134): Parameter "WIDTHAD_B" = "8"
    Info (12134): Parameter "NUMWORDS_B" = "256"
    Info (12134): Parameter "ADDRESS_ACLR_A" = "NONE"
    Info (12134): Parameter "OUTDATA_REG_B" = "UNREGISTERED"
    Info (12134): Parameter "ADDRESS_ACLR_B" = "NONE"
    Info (12134): Parameter "OUTDATA_ACLR_B" = "NONE"
    Info (12134): Parameter "ADDRESS_REG_B" = "CLOCK1"
    Info (12134): Parameter "INDATA_ACLR_A" = "NONE"
    Info (12134): Parameter "WRCONTROL_ACLR_A" = "NONE"
Info (12021): Found 1 design units, including 1 entities, in source file db/altsyncram_hie1.tdf
    Info (12023): Found entity 1: altsyncram_hie1 File: /home/jashanpratap/Projects/Coe_608/Lab 6/part2/db/altsyncram_hie1.tdf Line: 28
Warning (12241): 1 hierarchies have connectivity warnings - see the Connectivity Checks report folder
Warning (13034): The following nodes have both tri-state and non-tri-state drivers
    Warning (13035): Inserted always-enabled tri-state buffer between "wen_mem" and its non-tri-state driver. File: /home/jashanpratap/Projects/Coe_608/Lab 6/part2/CPU_TEST_Sim.vhd Line: 27
    Warning (13035): Inserted always-enabled tri-state buffer between "en_mem" and its non-tri-state driver. File: /home/jashanpratap/Projects/Coe_608/Lab 6/part2/CPU_TEST_Sim.vhd Line: 27
Warning (13027): Removed fan-outs from the following always-disabled I/O buffers
    Warning (13028): Removed fan-out from the always-disabled I/O buffer "cpu1:main_processor|control:C1|wen" to the node "wen_mem" File: /home/jashanpratap/Projects/Coe_608/Lab 6/part2/control.vhd Line: 19
    Warning (13028): Removed fan-out from the always-disabled I/O buffer "cpu1:main_processor|control:C1|en" to the node "en_mem" File: /home/jashanpratap/Projects/Coe_608/Lab 6/part2/control.vhd Line: 19
Warning (13044): Always-enabled tri-state buffer(s) removed
    Warning (13045): Converted the fanout from the always-enabled tri-state buffer "cpu1:main_processor|control:C1|wen" to the node "wen_mem" into a wire File: /home/jashanpratap/Projects/Coe_608/Lab 6/part2/control.vhd Line: 19
    Warning (13045): Converted the fanout from the always-enabled tri-state buffer "cpu1:main_processor|control:C1|en" to the node "en_mem" into a wire File: /home/jashanpratap/Projects/Coe_608/Lab 6/part2/control.vhd Line: 19
Warning (13046): Tri-state node(s) do not directly drive top-level pin(s)
    Warning (13047): Converted the fan-out from the tri-state buffer "cpu1:main_processor|control:C1|wen" to the node "cpu1:main_processor|datapath:Dpth|data_mem:D1|mem" into an OR gate File: /home/jashanpratap/Projects/Coe_608/Lab 6/part2/control.vhd Line: 19
    Warning (13047): Converted the fan-out from the tri-state buffer "cpu1:main_processor|control:C1|en" to the node "cpu1:main_processor|datapath:Dpth|data_mem:D1|mem" into an OR gate File: /home/jashanpratap/Projects/Coe_608/Lab 6/part2/control.vhd Line: 19
Info (13025): Duplicate LATCH primitives merged into single LATCH primitive
    Info (13026): Duplicate LATCH primitive "cpu1:main_processor|control:C1|B_Mux" merged with LATCH primitive "cpu1:main_processor|control:C1|A_Mux" File: /home/jashanpratap/Projects/Coe_608/Lab 6/part2/control.vhd Line: 9
Info (13000): Registers with preset signals will power-up high File: /home/jashanpratap/Projects/Coe_608/Lab 6/part2/control.vhd Line: 767
Info (13003): DEV_CLRn pin will set, and not reset, register with preset signal due to NOT Gate Push-Back
Warning (13024): Output pins are stuck at VCC or GND
    Warning (13410): Pin "wEn" is stuck at GND File: /home/jashanpratap/Projects/Coe_608/Lab 6/part2/CPU_TEST_Sim.vhd Line: 19
Info (16010): Generating hard_block partition "hard_block:auto_generated_inst"
    Info (16011): Adding 0 node(s), including 0 DDIO, 0 PLL, 0 transceiver and 0 LCELL
Info (21057): Implemented 1027 device resources after synthesis - the final resource count might be different
    Info (21058): Implemented 3 input pins
    Info (21059): Implemented 206 output pins
    Info (21061): Implemented 754 logic cells
    Info (21064): Implemented 64 RAM segments
Info: Quartus Prime Analysis & Synthesis was successful. 0 errors, 51 warnings
    Info: Peak virtual memory: 993 megabytes
    Info: Processing ended: Mon Apr  6 18:38:09 2026
    Info: Elapsed time: 00:00:11
    Info: Total CPU time (on all processors): 00:00:27


